
  .   ____          _            __ _ _
 /\\ / ___'_ __ _ _(_)_ __  __ _ \ \ \ \
( ( )\___ | '_ | '_| | '_ \/ _` | \ \ \ \
 \\/  ___)| |_)| | | | | || (_| |  ) ) ) )
  '  |____| .__|_| |_|_| |_\__, | / / / /
 =========|_|==============|___/=/_/_/_/

 :: Spring Boot ::                (v3.3.4)

2026-09-10T15:22:55.229-03:00  INFO 17568 --- [emprestimos-backend] [           main] com.emprestimos.EmprestimosApplication   : Starting EmprestimosApplication v1.0.0 using Java 17.0.20.1 with PID 17568 (C:\Projetos\Projetos\EmpréstimosApp\backend\target\emprestimos-backend-1.0.0.jar started by mathe in C:\Projetos\Projetos\EmpréstimosApp\backend)
2026-09-10T15:22:55.233-03:00  INFO 17568 --- [emprestimos-backend] [           main] com.emprestimos.EmprestimosApplication   : No active profile set, falling back to 1 default profile: "default"
2026-09-10T15:22:56.190-03:00  INFO 17568 --- [emprestimos-backend] [           main] .s.d.r.c.RepositoryConfigurationDelegate : Bootstrapping Spring Data JPA repositories in DEFAULT mode.
2026-09-10T15:22:56.278-03:00  INFO 17568 --- [emprestimos-backend] [           main] .s.d.r.c.RepositoryConfigurationDelegate : Finished Spring Data repository scanning in 71 ms. Found 2 JPA repository interfaces.
2026-09-10T15:22:57.081-03:00  INFO 17568 --- [emprestimos-backend] [           main] o.s.b.w.embedded.tomcat.TomcatWebServer  : Tomcat initialized with port 8080 (http)
2026-09-10T15:22:57.093-03:00  INFO 17568 --- [emprestimos-backend] [           main] o.apache.catalina.core.StandardService   : Starting service [Tomcat]
2026-09-10T15:22:57.094-03:00  INFO 17568 --- [emprestimos-backend] [           main] o.apache.catalina.core.StandardEngine    : Starting Servlet engine: [Apache Tomcat/10.1.30]
2026-09-10T15:22:57.146-03:00  INFO 17568 --- [emprestimos-backend] [           main] o.a.c.c.C.[Tomcat].[localhost].[/]       : Initializing Spring embedded WebApplicationContext
2026-09-10T15:22:57.148-03:00  INFO 17568 --- [emprestimos-backend] [           main] w.s.c.ServletWebServerApplicationContext : Root WebApplicationContext: initialization completed in 1849 ms
2026-09-10T15:22:57.848-03:00  INFO 17568 --- [emprestimos-backend] [           main] org.flywaydb.core.FlywayExecutor         : Database: jdbc:sqlite:./data/emprestimos.db (SQLite 3.46)
2026-09-10T15:22:57.899-03:00  INFO 17568 --- [emprestimos-backend] [           main] o.f.core.internal.command.DbValidate     : Successfully validated 2 migrations (execution time 00:00.028s)
2026-09-10T15:22:57.910-03:00  INFO 17568 --- [emprestimos-backend] [           main] o.f.core.internal.command.DbMigrate      : Current version of schema "main": 2
2026-09-10T15:22:57.919-03:00  INFO 17568 --- [emprestimos-backend] [           main] o.f.core.internal.command.DbMigrate      : Schema "main" is up to date. No migration necessary.
2026-09-10T15:22:58.027-03:00  INFO 17568 --- [emprestimos-backend] [           main] o.hibernate.jpa.internal.util.LogHelper  : HHH000204: Processing PersistenceUnitInfo [name: default]
2026-09-10T15:22:58.120-03:00  INFO 17568 --- [emprestimos-backend] [           main] org.hibernate.Version                    : HHH000412: Hibernate ORM core version 6.5.3.Final
2026-09-10T15:22:58.176-03:00  INFO 17568 --- [emprestimos-backend] [           main] o.h.c.internal.RegionFactoryInitiator    : HHH000026: Second-level cache disabled
2026-09-10T15:22:58.560-03:00  INFO 17568 --- [emprestimos-backend] [           main] o.s.o.j.p.SpringPersistenceUnitInfo      : No LoadTimeWeaver setup: ignoring JPA class transformer
2026-09-10T15:22:59.537-03:00  INFO 17568 --- [emprestimos-backend] [           main] o.h.e.t.j.p.i.JtaPlatformInitiator       : HHH000489: No JTA platform available (set 'hibernate.transaction.jta.platform' to enable JTA platform integration)
2026-09-10T15:22:59.540-03:00  INFO 17568 --- [emprestimos-backend] [           main] j.LocalContainerEntityManagerFactoryBean : Initialized JPA EntityManagerFactory for persistence unit 'default'
2026-09-10T15:23:00.008-03:00  WARN 17568 --- [emprestimos-backend] [           main] JpaBaseConfiguration$JpaWebConfiguration : spring.jpa.open-in-view is enabled by default. Therefore, database queries may be performed during view rendering. Explicitly configure spring.jpa.open-in-view to disable this warning
2026-09-10T15:23:00.743-03:00  INFO 17568 --- [emprestimos-backend] [           main] o.s.b.w.embedded.tomcat.TomcatWebServer  : Tomcat started on port 8080 (http) with context path '/'
2026-09-10T15:23:00.770-03:00  INFO 17568 --- [emprestimos-backend] [           main] com.emprestimos.EmprestimosApplication   : Started EmprestimosApplication in 6.147 seconds (process running for 6.758)
2026-09-10T15:23:08.904-03:00  INFO 17568 --- [emprestimos-backend] [nio-8080-exec-1] o.a.c.c.C.[Tomcat].[localhost].[/]       : Initializing Spring DispatcherServlet 'dispatcherServlet'
2026-09-10T15:23:08.904-03:00  INFO 17568 --- [emprestimos-backend] [nio-8080-exec-1] o.s.web.servlet.DispatcherServlet        : Initializing Servlet 'dispatcherServlet'
2026-09-10T15:23:08.905-03:00  INFO 17568 --- [emprestimos-backend] [nio-8080-exec-1] o.s.web.servlet.DispatcherServlet        : Completed initialization in 1 ms
